Command: /home/devesh/.espressif/python_env/idf6.0_py3.12_env/bin/python /home/devesh/Desktop/esp-idf/tools/idf_monitor.py -p /dev/ttyACM0 -b 115200 --toolchain-prefix xtensa-esp32s3-elf- --target esp32s3 --revision 0 /home/devesh/Desktop/Glasses/Eyes-Spice/Software system/microphone_test/build/microphone_test.elf /home/devesh/Desktop/Glasses/Eyes-Spice/Software system/microphone_test/build/bootloader/bootloader.elf -m '/home/devesh/.espressif/python_env/idf6.0_py3.12_env/bin/python' '/home/devesh/Desktop/esp-idf/tools/idf.py' '-p' '/dev/ttyACM0'
[0;32mI (116) esp_image: segment 1: paddr=00037490 vaddr=3fc9ae00 size90000 inside of reserved 0x3fc84000 - 0x3fc9ae00[0m
V (452) memory_layout: Examining memory region 0x3fc9ESP-ROM:esp32s3-20210327
Build:Mar 27 2021
rst:0x15 (USB_UART_CHIP_RESET),boot:0x28 (SPI_FAST_FLASH_BOOT)
Saved PC:0x4004883b
SPIWP:0xee
mode:DIO, clock div:1
load:0x3fce2820,len:0x1598
load:0x403c8700,len:0xd20
load:0x403cb700,len:0x2f44
entry 0x403c8924
[0;32mI (24) boot: ESP-IDF v6.0-dev-1002-gbfe5caf58f 2nd stage bootloader[0m
[0;32mI (25) boot: compile time Jul 17 2025 20:16:26[0m
[0;32mI (25) boot: Multicore bootloader[0m
[0;32mI (26) boot: chip revision: v0.2[0m
[0;32mI (29) boot: efuse block revision: v1.3[0m
[0;32mI (33) boot.esp32s3: Boot SPI Speed : 80MHz[0m
[0;32mI (37) boot.esp32s3: SPI Mode       : DIO[0m
[0;32mI (40) boot.esp32s3: SPI Flash Size : 2MB[0m
[0;32mI (44) boot: Enabling RNG early entropy source...[0m
[0;32mI (49) boot: Partition Table:[0m
[0;32mI (51) boot: ## Label            Usage          Type ST Offset   Length[0m
[0;32mI (58) boot:  0 nvs              WiFi data        01 02 00009000 00006000[0m
[0;32mI (64) boot:  1 phy_init         RF data          01 01 0000f000 00001000[0m
[0;32mI (71) boot:  2 factory          factory app      00 00 00010000 00100000[0m
[0;32mI (77) boot: End of partition table[0m
[0;32mI (81) esp_image: segment 0: paddr=00010020 vaddr=3c0a0020 size=27468h (160872) map[0m
[0;32mI (116) esp_image: segment 1: paddr=00037490 vaddr=3fc9ae00 size=04e28h ( 20008) load[0m
[0;32mI (121) esp_image: segment 2: paddr=0003c2c0 vaddr=40374000 size=03d58h ( 15704) load[0m
[0;32mI (125) esp_image: segment 3: paddr=00040020 vaddr=42000020 size=9db60h (645984) map[0m
[0;32mI (241) esp_image: segment 4: paddr=000ddb88 vaddr=40377d58 size=13040h ( 77888) load[0m
[0;32mI (259) esp_image: segment 5: paddr=000f0bd0 vaddr=600fe000 size=00020h (    32) load[0m
[0;32mI (269) boot: Loaded app from partition at offset 0x10000[0m
[0;32mI (269) boot: Disabling RNG early entropy source...[0m
