Command: /home/devesh/.espressif/python_env/idf6.0_py3.12_env/bin/python /home/devesh/Desktop/esp-idf/tools/idf_monitor.py -p /dev/ttyACM0 -b 115200 --toolchain-prefix xtensa-esp32s3-elf- --target esp32s3 --revision 0 /home/devesh/Desktop/Glasses/Eyes-Spice/Software system/camera_test/build/camera_test.elf /home/devesh/Desktop/Glasses/Eyes-Spice/Software system/camera_test/build/bootloader/bootloader.elf -m '/home/devesh/.espressif/python_env/idf6.0_py3.12_env/bin/python' '/home/devesh/Desktop/esp-idf/tools/idf.py' '-p' '/dev/ttyACM0'
[0;32mI (635) wifi:state: init -> auth (0xb0)[0m
[0;32mI (00:13:28.347) sccb-ng: sccb_i2c_port=1[0m
ESP-ROM:esp32s3-20210327
Build:Mar 27 2021
rst:0x15 (USB_UART_CHIP_RESET),boot:0x29 (SPI_FAST_FLASH_BOOT)
Saved PC:0x420171bf
SPIWP:0xee
mode:DIO, clock div:1
load:0x3fce2820,len:0x1598
load:0x403c8700,len:0xd20
load:0x403cb700,len:0x2fe0
entry 0x403c8924
[0;32mI (24) boot: ESP-IDF v6.0-dev-1002-gbfe5caf58f 2nd stage bootloader[0m
[0;32mI (25) boot: compile time Jul 16 2025 20:56:32[0m
[0;32mI (25) boot: Multicore bootloader[0m
[0;32mI (26) boot: chip revision: v0.2[0m
[0;32mI (29) boot: efuse block revision: v1.3[0m
[0;32mI (33) boot.esp32s3: Boot SPI Speed : 80MHz[0m
[0;32mI (37) boot.esp32s3: SPI Mode       : DIO[0m
[0;32mI (40) boot.esp32s3: SPI Flash Size : 8MB[0m
[0;32mI (44) boot: Enabling RNG early entropy source...[0m
[0;32mI (49) boot: Partition Table:[0m
[0;32mI (51) boot: ## Label            Usage          Type ST Offset   Length[0m
[0;32mI (58) boot:  0 nvs              WiFi data        01 02 00009000 00006000[0m
[0;32mI (64) boot:  1 phy_init         RF data          01 01 0000f000 00001000[0m
[0;32mI (71) boot:  2 factory          factory app      00 00 00010000 00100000[0m
[0;32mI (77) boot: End of partition table[0m
[0;32mI (81) esp_image: segment 0: paddr=00010020 vaddr=3c0a0020 size=1fbb4h (129972) map[0m
[0;32mI (111) esp_image: segment 1: paddr=0002fbdc vaddr=3fc9af00 size=0043ch (  1084) load[0m
[0;32mI (112) esp_image: segment 2: paddr=00030020 vaddr=42000020 size=9c580h (640384) map[0m
[0;32mI (228) esp_image: segment 3: paddr=000cc5a8 vaddr=3fc9b33c size=06bdch ( 27612) load[0m
[0;32mI (234) esp_image: segment 4: paddr=000d318c vaddr=40374000 size=16e60h ( 93792) load[0m
[0;32mI (254) esp_image: segment 5: paddr=000e9ff4 vaddr=600fe000 size=00020h (    32) load[0m
[0;32mI (265) boot: Loaded app from partition at offset 0x10000[0m
[0;32mI (265) boot: Disabling RNG early entropy source...[0m
[0;32mI (275) cpu_start: Multicore app[0m
[0;32mI (284) cpu_start: Pro cpu start user code[0m
[0;32mI (284) cpu_start: cpu freq: 160000000 Hz[0m
[0;32mI (285) app_init: Application information:[0m
[0;32mI (285) app_init: Project name:     camera_test[0m
[0;32mI (289) app_init: App version:      42068a7[0m
[0;32mI (293) app_init: Compile time:     Jul 16 2025 20:57:31[0m
[0;32mI (298) app_init: ELF file SHA256:  b877b91f1...[0m
[0;32mI (302) app_init: ESP-IDF:          v6.0-dev-1002-gbfe5caf58f[0m
[0;32mI (307) efuse_init: Min chip rev:     v0.0[0m
[0;32mI (311) efuse_init: Max chip rev:     v0.99 [0m
[0;32mI (315) efuse_init: Chip rev:         v0.2[0m
[0;32mI (319) heap_init: Initializing. RAM available for dynamic allocation:[0m
[0;32mI (325) heap_init: At 3FCA6468 len 000432A8 (268 KiB): RAM[0m
[0;32mI (331) heap_init: At 3FCE9710 len 00005724 (21 KiB): RAM[0m
[0;32mI (336) heap_init: At 3FCF0000 len 00008000 (32 KiB): DRAM[0m
[0;32mI (341) heap_init: At 600FE020 len 00001FB8 (7 KiB): RTCRAM[0m
[0;32mI (347) spi_flash: detected chip: gd[0m
[0;32mI (349) spi_flash: flash io: dio[0m
[0;32mI (353) sleep_gpio: Configure to isolate all GPIO pins in sleep state[0m
[0;32mI (359) sleep_gpio: Enable automatic switching of GPIO sleep configuration[0m
[0;32mI (00:13:28.716) main_task: Started on CPU0[0m
[0;32mI (00:13:28.727) main_task: Calling app_main()[0m
[0;32mI (00:13:28.745) pp: pp rom version: e7ae62f[0m
[0;32mI (00:13:28.746) net80211: net80211 rom version: e7ae62f[0m
[0;32mI (433) wifi:wifi driver task: 3fced4c8, prio:23, stack:6656, core=0[0m
[0;32mI (443) wifi:wifi firmware version: 956d811[0m
[0;32mI (443) wifi:wifi certification version: v7.0[0m
[0;32mI (443) wifi:config NVS flash: enabled[0m
[0;32mI (443) wifi:config nano formatting: disabled[0m
[0;32mI (443) wifi:Init data frame dynamic rx buffer num: 32[0m
[0;32mI (453) wifi:Init static rx mgmt buffer num: 5[0m
[0;32mI (453) wifi:Init management short buffer num: 32[0m
[0;32mI (453) wifi:Init dynamic tx buffer num: 32[0m
[0;32mI (463) wifi:Init static tx FG buffer num: 2[0m
[0;32mI (463) wifi:Init static rx buffer size: 1600[0m
[0;32mI (473) wifi:Init static rx buffer num: 10[0m
[0;32mI (473) wifi:Init dynamic rx buffer num: 32[0m
[0;32mI (00:13:28.801) wifi_init: rx ba win: 6[0m
[0;32mI (00:13:28.803) wifi_init: accept mbox: 6[0m
[0;32mI (00:13:28.807) wifi_init: tcpip mbox: 32[0m
[0;32mI (00:13:28.811) wifi_init: udp mbox: 6[0m
[0;32mI (00:13:28.815) wifi_init: tcp mbox: 6[0m
[0;32mI (00:13:28.818) wifi_init: tcp tx win: 5760[0m
[0;32mI (00:13:28.822) wifi_init: tcp rx win: 5760[0m
[0;32mI (00:13:28.826) wifi_init: tcp mss: 1440[0m
[0;32mI (00:13:28.830) wifi_init: WiFi IRAM OP enabled[0m
[0;32mI (00:13:28.834) wifi_init: WiFi RX IRAM OP enabled[0m
[0;32mI (00:13:28.840) phy_init: phy_version 701,f4f1da3a,Mar  3 2025,15:50:10[0m
[0;32mI (563) wifi:mode : sta (d8:3b:da:47:1c:50)[0m
[0;32mI (563) wifi:enable tsf[0m
[0;32mI (00:13:28.884) CAMERA_STREAM: Connecting to Wi-Fi...[0m
[0;32mI (00:13:28.887) s3 ll_cam: DMA Channel=0[0m
[0;32mI (00:13:28.888) cam_hal: cam init ok[0m
[0;32mI (00:13:28.889) sccb-ng: pin_sda 40 pin_scl 39[0m
[0;32mI (573) wifi:new:<6,0>, old:<1,0>, ap:<255,255>, sta:<6,0>, prof:1, snd_ch_cfg:0x0[0m
[0;32mI (583) wifi:state: init -> auth (0xb0)[0m
[0;32mI (00:13:28.906) sccb-ng: sccb_i2c_port=1[0m
[0;32mI (583) wifi:state: auth -> assoc (0x0)[0m
[0;32mI (603) wifi:state: assoc -> run (0x10)[0m
[0;32mI (00:13:28.926) camera: Camera PID=0x26 VER=0x42 MIDL=0x7f MIDH=0xa2[0m
[0;32mI (00:13:28.929) camera: Detected OV2640 camera[0m
[0;32mI (00:13:28.930) camera: Detected camera at address=0x30[0m
[0;32mI (613) wifi:connected with ee, aid = 10, channel 6, BW20, bssid = 3a:4c:66:87:98:e0[0m
[0;32mI (613) wifi:security: WPA2-PSK, phy: bgn, rssi: -49[0m
[0;32mI (623) wifi:pm start, type: 1[0m

[0;32mI (623) wifi:dp: 1, bi: 102400, li: 3, scale listen interval from 307200 us to 307200 us[0m
[0;32mI (633) wifi:set rx beacon pti, rx_bcn_pti: 0, bcn_timeout: 25000, mt_pti: 0, mt_time: 10000[0m
[0;32mI (643) wifi:dp: 2, bi: 102400, li: 4, scale listen interval from 307200 us to 409600 us[0m
[0;32mI (643) wifi:AP's beacon interval = 102400 us, DTIM period = 2[0m
[0;32mI (00:13:29.033) cam_hal: buffer_size: 16384, half_buffer_size: 1024, node_buffer_size: 1024, node_cnt: 16, total_cnt: 3[0m
[0;32mI (00:13:29.034) cam_hal: Allocating 3840 Byte frame buffer in OnBoard RAM[0m
[0;32mI (00:13:29.040) cam_hal: Allocating 3840 Byte frame buffer in OnBoard RAM[0m
[0;32mI (00:13:29.047) cam_hal: cam config ok[0m
[0;32mI (00:13:29.050) ov2640: Set PLL: clk_2x: 0, clk_div: 0, pclk_auto: 0, pclk_div: 8[0m
[0;32mI (00:13:29.119) CAMERA_STREAM: Camera initialized[0m
[0;32mI (00:13:29.122) CAMERA_STREAM: HTTP MJPEG Stream available at http://<ESP_IP>/stream[0m
[0;32mI (00:13:29.992) esp_netif_handlers: sta ip: 192.168.241.160, mask: 255.255.255.0, gw: 192.168.241.230[0m
[0;32mI (7613) wifi:<ba-add>idx:0 (ifx:0, 3a:4c:66:87:98:e0), tid:0, ssn:2, winSize:64[0m
